// Vitest Snapshot v1, https://vitest.dev/guide/snapshot.html

exports[`the build should not break any links 1`] = `
[
  "",
  "/accounts",
  "/api",
  "/api/account-memberships",
  "/api/account-memberships#account-membership-model",
  "/api/account-memberships#add-member",
  "/api/account-memberships#list-account-memberships-for-a-user",
  "/api/account-memberships#list-account-memberships-for-authenticated-subject",
  "/api/account-memberships#list-members",
  "/api/account-memberships#revoke-member",
  "/api/accounts",
  "/api/accounts#account-model",
  "/api/accounts#create-an-account",
  "/api/accounts#get-an-account",
  "/api/accounts#subscription-model",
  "/api/accounts#update-an-account",
  "/api/accounts#update-subscriptions",
  "/api/api-keys",
  "/api/api-keys#api-key-model",
  "/api/api-keys#create-an-api-key",
  "/api/api-keys#list-api-keys",
  "/api/api-keys#update-an-api-key",
  "/api/applet-memberships",
  "/api/applet-memberships#applet-membership-model",
  "/api/applet-memberships#create-applet-membership",
  "/api/applet-memberships#list-applet-memberships",
  "/api/applets",
  "/api/applets#applet-extensions",
  "/api/applets#applet-model",
  "/api/applets#create-applet",
  "/api/applets#get-applet",
  "/api/applets#list-applets",
  "/api/applets#loyalty-extension-model",
  "/api/asset-activities",
  "/api/asset-activities#asset-activity-model",
  "/api/asset-activities#asset-created-activity-model",
  "/api/asset-activities#asset-received-activity-model",
  "/api/asset-activities#asset-sent-activity-model",
  "/api/asset-activities#asset-transaction-activity-model",
  "/api/asset-activities#list-asset-activities",
  "/api/asset-activities#list-asset-transactions",
  "/api/asset-activities#token-redeemed-activity-model",
  "/api/asset-activities#token-refunded-activity-model",
  "/api/asset-categories",
  "/api/asset-program-configs",
  "/api/asset-program-configs#asset-program-config-model",
  "/api/asset-program-configs#create-asset-program-config",
  "/api/asset-program-configs#get-asset-program-config",
  "/api/asset-program-configs#list-asset-program-configs-by-account",
  "/api/asset-program-configs#list-asset-program-configs-by-asset-program",
  "/api/asset-program-memberships",
  "/api/asset-program-memberships#accept-asset-program-membership",
  "/api/asset-program-memberships#approve-asset-program-membership",
  "/api/asset-program-memberships#asset-program-membership-model",
  "/api/asset-program-memberships#create-asset-program-membership",
  "/api/asset-program-memberships#get-asset-program-membership",
  "/api/asset-program-memberships#list-asset-program-memberships-by-account",
  "/api/asset-program-memberships#list-asset-program-memberships-by-asset-program",
  "/api/asset-programs",
  "/api/asset-programs#asset-program-model",
  "/api/asset-programs#create-asset-program",
  "/api/asset-programs#get-asset-program",
  "/api/asset-programs#list-asset-programs",
  "/api/asset-transfers",
  "/api/asset-transfers#accept-an-asset-transfer-request",
  "/api/asset-transfers#asset-transfer-lifecycle",
  "/api/asset-transfers#asset-transfer-model",
  "/api/asset-transfers#cancel-an-asset-transfer",
  "/api/asset-transfers#claim-asset-transfer",
  "/api/asset-transfers#create-an-asset-transfer",
  "/api/asset-transfers#get-an-asset-transfer",
  "/api/asset-transfers#get-asset-transfer-summary",
  "/api/asset-transfers#list-asset-transfers",
  "/api/asset-transfers#request-an-asset-transfer",
  "/api/asset-transfers#resolve-claimable-assets",
  "/api/asset-types",
  "/api/assets",
  "/api/assets#archive-asset",
  "/api/assets#asset-model",
  "/api/assets#get-asset",
  "/api/assets#get-asset-by-external-id",
  "/api/assets#get-asset-summary",
  "/api/assets#ledger-model",
  "/api/assets#list-assets-for-account",
  "/api/assets#money-model",
  "/api/assets#token-model",
  "/api/auth",
  "/api/auth#api-keys",
  "/api/auth#authenticating-api-calls",
  "/api/auth#roles-and-permissions",
  "/api/auth#user-access-tokens",
  "/api/bank-account-approvals",
  "/api/bank-account-approvals#accept-bank-account-approval",
  "/api/bank-account-approvals#bank-account-approval-activity-model",
  "/api/bank-account-approvals#bank-account-approval-model",
  "/api/bank-account-approvals#decline-bank-account-approval",
  "/api/bank-account-approvals#get-bank-account-approval",
  "/api/bank-account-approvals#list-bank-account-approvals",
  "/api/bank-account-approvals#request-bank-account-approval",
  "/api/bank-account-connection-intents",
  "/api/bank-account-connection-intents#authorize-bank-account-connection-intent",
  "/api/bank-account-connection-intents#bank-account-connection-intent-model",
  "/api/bank-account-connection-intents#create-bank-account-connection-intent",
  "/api/bank-accounts",
  "/api/bank-accounts#add-direct-debit-authority-to-a-bank-account",
  "/api/bank-accounts#archive-bank-account",
  "/api/bank-accounts#bank-account-approval-type-summary-model",
  "/api/bank-accounts#bank-account-balance-model",
  "/api/bank-accounts#bank-account-model",
  "/api/bank-accounts#create-bank-account",
  "/api/bank-accounts#create-bank-authority",
  "/api/bank-accounts#direct-debit-authority-model",
  "/api/bank-accounts#get-bank-account",
  "/api/bank-accounts#get-bank-account-balance",
  "/api/bank-accounts#get-bank-authority",
  "/api/bank-accounts#list-bank-accounts",
  "/api/bank-accounts#list-bank-authorities",
  "/api/bank-accounts#set-preferred-bank-account-name",
  "/api/bank-accounts#verify-bank-account",
  "/api/bank-accounts#verify-bank-authority",
  "/api/batch-types/business-onboard",
  "/api/batch-types/business-onboard#business-onboarding-record",
  "/api/batch-types/business-onboard#example-csv-file",
  "/api/batch-types/farmlands",
  "/api/batch-types/farmlands-external-asset",
  "/api/batch-types/farmlands-external-asset#account-model",
  "/api/batch-types/farmlands-external-asset#card-model",
  "/api/batch-types/farmlands-external-asset#contact-model",
  "/api/batch-types/farmlands-external-asset#example-jsonl-file",
  "/api/batch-types/farmlands-external-asset#example-models",
  "/api/batch-types/ticketek-ticket",
  "/api/batch-types/ticketek-ticket#example-jsonl-file",
  "/api/batch-types/ticketek-ticket#ticket-sale",
  "/api/batches",
  "/api/batches#batch-model",
  "/api/batches#create-batch",
  "/api/batches#get-batch",
  "/api/businesses",
  "/api/businesses#business-model",
  "/api/businesses#create-business",
  "/api/businesses#get-business-by-account-id",
  "/api/businesses#get-business-details-from-nz-company-register",
  "/api/businesses#search-nz-company-register",
  "/api/businesses#set-business-onboarding-status",
  "/api/businesses#tax-number-model",
  "/api/businesses#update-business",
  "/api/connections",
  "/api/connections#authorize-connection",
  "/api/connections#connection-model",
  "/api/connections#create-connection",
  "/api/connections#get-connection-summary",
  "/api/data-types",
  "/api/data-types#bignumber",
  "/api/data-types#crn",
  "/api/data-types#location",
  "/api/data-types#monetary",
  "/api/data-types#pan",
  "/api/data-types#phonenumber",
  "/api/data-types#timestamp",
  "/api/discrete-assets",
  "/api/events",
  "/api/events#create-event",
  "/api/funds-transfers",
  "/api/funds-transfers#abort-funds-transfer",
  "/api/funds-transfers#create-withdrawal",
  "/api/funds-transfers#get-top-up",
  "/api/funds-transfers#get-withdrawal",
  "/api/funds-transfers#list-top-ups-for-an-account",
  "/api/funds-transfers#list-top-ups-for-authorized-accounts",
  "/api/funds-transfers#list-withdrawals-for-an-account",
  "/api/http-status-codes",
  "/api/http-status-codes#200-ok",
  "/api/http-status-codes#400-malformed-request",
  "/api/http-status-codes#401-unauthorized",
  "/api/http-status-codes#403-forbidden",
  "/api/http-status-codes#404-route-not-found",
  "/api/http-status-codes#429-too-many-requests",
  "/api/http-status-codes#5xx-server-error",
  "/api/idempotency",
  "/api/integration-requests",
  "/api/integration-requests#activate-integration-request",
  "/api/integration-requests#configure-integration-request",
  "/api/integration-requests#create-an-integration-request",
  "/api/integration-requests#delete-integration-request",
  "/api/integration-requests#get-an-integration-request",
  "/api/integration-requests#get-integration-request-configuration",
  "/api/integration-requests#integration-request-model",
  "/api/integration-requests#search-integration-requests",
  "/api/integrations",
  "/api/introduction",
  "/api/invitations",
  "/api/invitations#accept-invitation",
  "/api/invitations#create-invitation",
  "/api/invitations#get-invitation-by-code",
  "/api/invitations#invitation-model",
  "/api/invitations#list-invitations-by-account-id",
  "/api/invitations#params-model",
  "/api/invitations#revoke-invitation",
  "/api/legacy-payment-requests",
  "/api/legacy-payment-requests#cancel-a-payment-request",
  "/api/legacy-payment-requests#create-a-payment-request",
  "/api/legacy-payment-requests#get-a-payment-request",
  "/api/legacy-payment-requests#ledger-and-authorization-values",
  "/api/legacy-payment-requests#paid-by-model",
  "/api/legacy-payment-requests#pay-a-payment-request",
  "/api/legacy-payment-requests#payment-options-model",
  "/api/legacy-payment-requests#payment-request-model",
  "/api/legacy-payment-requests#refund-a-transaction",
  "/api/legacy-payment-requests#void-a-payment-request",
  "/api/legacy-payment-requests#webhooks",
  "/api/loyalty-program-memberships",
  "/api/loyalty-program-memberships#create-loyalty-program-memberships",
  "/api/loyalty-program-memberships#list-loyalty-program-memberships-by-account",
  "/api/loyalty-program-memberships#loyalty-program-membership-model",
  "/api/loyalty-programs",
  "/api/loyalty-programs#activate-loyalty-program",
  "/api/loyalty-programs#create-loyalty-program",
  "/api/loyalty-programs#get-loyalty-program",
  "/api/loyalty-programs#list-loyalty-programs-by-account-id",
  "/api/loyalty-programs#loyalty-program-model",
  "/api/managed-integrations",
  "/api/managed-integrations#create-or-update-managed-integration",
  "/api/managed-integrations#get-managed-integration",
  "/api/managed-integrations#invitation-summary-model",
  "/api/managed-integrations#list-managed-integration",
  "/api/managed-integrations#managed-integration-model",
  "/api/managed-integrations#merchant-model",
  "/api/managed-integrations#params-model",
  "/api/managed-integrations#terminal-model",
  "/api/media-uploads",
  "/api/media-uploads#create-a-media-upload",
  "/api/media-uploads#get-media-upload-location",
  "/api/media-uploads#media-upload-model",
  "/api/merchant-configs",
  "/api/merchant-configs#create-merchant-config",
  "/api/merchant-configs#get-merchant-config",
  "/api/merchant-configs#get-merchant-config-by-id",
  "/api/merchant-configs#list-merchant-configs",
  "/api/merchant-configs#merchant-config-model",
  "/api/merchant-configs#payment-option-config-model",
  "/api/merchant-configs#update-merchant-config",
  "/api/merchants",
  "/api/merchants#accepted-asset-model",
  "/api/merchants#create-merchant",
  "/api/merchants#get-merchant",
  "/api/merchants#list-merchants",
  "/api/merchants#list-merchants-for-account",
  "/api/merchants#merchant-model",
  "/api/merchants#merchant-search-result-model",
  "/api/merchants#product-model",
  "/api/merchants#search-merchants",
  "/api/merchants#set-merchant-onboarding-status",
  "/api/merchants#settlement-config-model",
  "/api/merchants#update-merchant",
  "/api/notifications",
  "/api/notifications#notification-model",
  "/api/notifications#notification-types",
  "/api/object-ids",
  "/api/object-ids#format",
  "/api/object-ids#prefix-list",
  "/api/pagination",
  "/api/pagination#pagination-model",
  "/api/patron-codes",
  "/api/patron-codes#create-patron-code",
  "/api/patron-codes#get-patron-code",
  "/api/patron-codes#get-patron-code-by-barcode",
  "/api/patron-codes#patron-code-model",
  "/api/payment-activities",
  "/api/payment-requests",
  "/api/payment-requests#accept-a-payment-condition",
  "/api/payment-requests#accepted-collections",
  "/api/payment-requests#asset-totals",
  "/api/payment-requests#cancellation-reasons",
  "/api/payment-requests#confirm-pre-auth-payment-request",
  "/api/payment-requests#create-a-payment-request",
  "/api/payment-requests#decline-a-payment-condition",
  "/api/payment-requests#get-a-payment-request",
  "/api/payment-requests#get-a-payment-request-by-connection-id",
  "/api/payment-requests#get-a-payment-request-by-short-code",
  "/api/payment-requests#get-a-payment-request-linked-to-a-patron-code",
  "/api/payment-requests#get-payment-request-summary",
  "/api/payment-requests#line-item-model",
  "/api/payment-requests#list-payment-activities-for-a-merchant",
  "/api/payment-requests#list-payment-activities-for-a-payment-request",
  "/api/payment-requests#list-payment-requests-by-external-reference",
  "/api/payment-requests#paid-by-model",
  "/api/payment-requests#pay-a-payment-request",
  "/api/payment-requests#payment-activity-model",
  "/api/payment-requests#payment-condition-model",
  "/api/payment-requests#payment-option-model",
  "/api/payment-requests#payment-request-model",
  "/api/payment-requests#product-classification",
  "/api/payment-requests#refund-a-payment-request",
  "/api/payment-requests#release-pre-auth-funds",
  "/api/payment-requests#strategy-model",
  "/api/payment-requests#void-a-payment-request",
  "/api/profiles",
  "/api/profiles#get-profile",
  "/api/profiles#profile-model",
  "/api/profiles#update-profile",
  "/api/promotion-memberships",
  "/api/promotion-memberships#list-promotion-memberships-by-account",
  "/api/promotion-memberships#promotion-membership-model",
  "/api/promotions",
  "/api/promotions#create-promotion",
  "/api/promotions#get-promotion",
  "/api/promotions#list-promotions-by-account",
  "/api/promotions#list-promotions-by-loyalty-program",
  "/api/promotions#promotion-condition-model",
  "/api/promotions#promotion-model",
  "/api/promotions#promotion-reward-model",
  "/api/promotions#promotion-target-model",
  "/api/quotas",
  "/api/quotas#get-account-quotas",
  "/api/quotas#quota-model",
  "/api/rate-limits",
  "/api/rate-limits#handling-rate-limits",
  "/api/rate-limits#preventing-rate-limiting",
  "/api/sales-channel-memberships",
  "/api/sales-channel-memberships#create-sales-channel-membership",
  "/api/sales-channel-memberships#sales-channel-membership-model",
  "/api/sales-channels",
  "/api/sales-channels#create-sales-channel",
  "/api/sales-channels#sales-channel-model",
  "/api/scanned-codes",
  "/api/scanned-codes#decode-scanned-code",
  "/api/scanned-codes#scanned-code-model",
  "/api/settlements",
  "/api/settlements#list-settlements",
  "/api/settlements#settlement-model",
  "/api/tokens",
  "/api/tokens#allowed-products-model",
  "/api/tokens#create-redemption-condition",
  "/api/tokens#create-token",
  "/api/tokens#create-token-collection",
  "/api/tokens#list-token-collections",
  "/api/tokens#redemption-condition-model",
  "/api/tokens#set-allowed-products-for-redemption-condition",
  "/api/tokens#token-collection-model",
  "/api/tokens#token-expires-after-model",
  "/api/tokens#token-model",
  "/api/transacting",
  "/api/wallet-assets",
  "/api/wallet-assets#create-a-wallet-asset",
  "/api/wallet-assets#list-wallet-asset-transactions",
  "/api/wallet-assets#list-wallet-assets",
  "/api/wallet-assets#settlement-wallet-assets",
  "/api/wallet-assets#wallet-asset-transaction-model",
  "/api/wallet-assets#wallet-assets-model",
  "/api/wallets",
  "/api/wallets#asset-types-model",
  "/api/wallets#create-wallet",
  "/api/wallets#list-supported-wallets-for-merchant",
  "/api/wallets#wallet-model",
  "/assets",
  "/assets/asset-categories",
  "/assets/asset-transfers",
  "/assets/discrete-assets",
  "/assets/wallet-assets",
  "/auth",
  "/connections/farmlands",
  "/connections/farmlands#solutions",
  "/fiat",
  "/fiat/authorities",
  "/fiat/bank-accounts",
  "/fiat/bank-authorities",
  "/fiat/funds-transfers",
  "/guides/compatible-devices",
  "/guides/compatible-solutions",
  "/guides/compatible-solutions#device-integrations",
  "/guides/compatible-solutions#e-commerce-integrations",
  "/guides/compatible-solutions#on-this-page-title",
  "/guides/creating-digital-tokens",
  "/guides/creating-digital-tokens#implementation",
  "/guides/creating-digital-tokens#on-this-page-title",
  "/guides/creating-digital-tokens#redemption-conditions",
  "/guides/creating-digital-tokens#token-collection",
  "/guides/creating-test-money",
  "/guides/creating-test-money#on-this-page-title",
  "/guides/creating-test-money#via-api",
  "/guides/creating-test-money#via-centrapay-app",
  "/guides/ecommerce-website",
  "/guides/ecommerce-website#centrapay-checkout-sample",
  "/guides/ecommerce-website#contact-us",
  "/guides/ecommerce-website#know-before-you-code",
  "/guides/ecommerce-website#on-this-page-title",
  "/guides/ecommerce-website#popup-method",
  "/guides/ecommerce-website#redirect-method",
  "/guides/example-oidc-consumer",
  "/guides/example-oidc-consumer#detect-oidc-user-refresh",
  "/guides/example-oidc-consumer#minimal-oidc-client-usage",
  "/guides/example-oidc-consumer#oidc-client-logout",
  "/guides/example-oidc-consumer#oidc-user-manager-configuration",
  "/guides/example-oidc-consumer#on-this-page-title",
  "/guides/example-oidc-consumer#trigger-token-refresh",
  "/guides/farmlands-card-partner-support",
  "/guides/farmlands-card-partner-support#on-this-page-title",
  "/guides/farmlands-card-partner-support#sla-support-level",
  "/guides/farmlands-card-partner-support#support-for-portal-users",
  "/guides/farmlands-card-partner-support#support-for-pos-integrators",
  "/guides/farmlands-portal",
  "/guides/farmlands-portal#authorisation-history",
  "/guides/farmlands-portal#faqs",
  "/guides/farmlands-portal#farmlands-authorisations",
  "/guides/farmlands-portal#getting-started",
  "/guides/farmlands-portal#manage-my-centrapay-business-account",
  "/guides/farmlands-portal#on-this-page-title",
  "/guides/farmlands-portal#releasing-funds",
  "/guides/farmlands-portal#setting-a-default-merchant",
  "/guides/farmlands-portal#support",
  "/guides/farmlands-pos-integration",
  "/guides/farmlands-pos-integration#centrapay-integration-benefits",
  "/guides/farmlands-pos-integration#certification-requirements",
  "/guides/farmlands-pos-integration#next-steps",
  "/guides/farmlands-pos-integration#on-this-page-title",
  "/guides/farmlands-pos-integration#payment-flow-implementation",
  "/guides/farmlands-pos-integration#payment-flow-overview",
  "/guides/farmlands-pos-integration#testing-your-integration",
  "/guides/initiating-refunds",
  "/guides/initiating-refunds#obtaining-a-payment-request-id",
  "/guides/initiating-refunds#on-this-page-title",
  "/guides/initiating-refunds#refund-error-handling",
  "/guides/initiating-refunds#refund-idempotency",
  "/guides/integrating-third-party-asset",
  "/guides/integrating-third-party-asset#defining-a-payment-method",
  "/guides/integrating-third-party-asset#implementation-checklist",
  "/guides/integrating-third-party-asset#on-this-page-title",
  "/guides/integrating-third-party-asset#uplink-api-requirements",
  "/guides/integrating-third-party-asset#uplink-api-spec",
  "/guides/line-items",
  "/guides/line-items#determining-paid-for-line-items",
  "/guides/line-items#on-this-page-title",
  "/guides/line-items#restrictions",
  "/guides/loading-and-sending-assets",
  "/guides/loyalty-programs",
  "/guides/loyalty-programs#creating-promotions",
  "/guides/loyalty-programs#events",
  "/guides/loyalty-programs#on-this-page-title",
  "/guides/merchant-integration-barcode-flow",
  "/guides/merchant-integration-barcode-flow#barcode-flow",
  "/guides/merchant-integration-barcode-flow#checking-barcode-details",
  "/guides/merchant-integration-barcode-flow#on-this-page-title",
  "/guides/merchant-integration-barcode-flow#quick-pay-flow",
  "/guides/merchant-integration-error-handling",
  "/guides/merchant-integration-error-handling#configure-pos-timeout",
  "/guides/merchant-integration-error-handling#display-error-reasons",
  "/guides/merchant-integration-error-handling#on-this-page-title",
  "/guides/merchant-integration-error-handling#resolving-persistent-errors",
  "/guides/merchant-integration-error-handling#respect-payment-status",
  "/guides/merchant-integration-error-handling#retry-unknown-errors",
  "/guides/merchant-integration-qr-code-flow",
  "/guides/merchant-terminals",
  "/guides/partial-payment-extension",
  "/guides/partial-payment-extension#implementation",
  "/guides/partial-payment-extension#on-this-page-title",
  "/guides/partial-payment-extension#partial-payment-flow",
  "/guides/partial-payment-extension#see-also",
  "/guides/patron-not-present",
  "/guides/payment-conditions",
  "/guides/payment-conditions#additional-behaviors",
  "/guides/payment-conditions#implementation",
  "/guides/payment-conditions#on-this-page-title",
  "/guides/payment-flows",
  "/guides/payment-flows#merchant-presented",
  "/guides/payment-flows#on-this-page-title",
  "/guides/payment-flows#patron-presented",
  "/guides/payment-terminals",
  "/guides/payment-terminals#api-keys",
  "/guides/payment-terminals#example-flows",
  "/guides/payment-terminals#integration-architecture",
  "/guides/payment-terminals#merchant-configs",
  "/guides/payment-terminals#mitigating-network-issues",
  "/guides/payment-terminals#on-this-page-title",
  "/guides/payment-terminals#terminal-interface-guidelines",
  "/guides/point-of-sale",
  "/guides/point-of-sale#contact-us",
  "/guides/point-of-sale#core-requirements",
  "/guides/point-of-sale#on-this-page-title",
  "/guides/processing-centrapay-transactions",
  "/guides/processing-centrapay-transactions#compatible-qr-payment-methods",
  "/guides/processing-centrapay-transactions#how-to-process-a-centrapay-transaction",
  "/guides/processing-centrapay-transactions#more-detailed-terminal-manuals",
  "/guides/processing-centrapay-transactions#on-this-page-title",
  "/guides/requesting-payment",
  "/guides/requesting-payment#connecting-with-patrons",
  "/guides/requesting-payment#handling-payment-errors",
  "/guides/requesting-payment#on-this-page-title",
  "/guides/requesting-payment#polling-for-payment-confirmation",
  "/guides/requesting-payment#protocol-extensions",
  "/guides/requesting-pre-auth",
  "/guides/requesting-pre-auth#on-this-page-title",
  "/guides/requesting-pre-auth#pre-auth-flow",
  "/guides/requesting-pre-auth#restrictions",
  "/guides/third-party-application-payments",
  "/guides/third-party-application-payments#authenticating-api-calls-on-behalf-of-users",
  "/guides/third-party-application-payments#on-this-page-title",
  "/guides/third-party-application-payments#overview",
  "/guides/third-party-application-payments#payment-extensions",
  "/guides/third-party-application-payments#payment-flow-implementation",
  "/guides/third-party-application-payments#payment-flow-overview",
  "/guides/third-party-application-payments#testing",
  "/guides/transaction-reporting",
  "/guides/transferring-assets",
  "/guides/transferring-assets#on-this-page-title",
  "/guides/transferring-assets#requesting-an-asset-transfer",
  "/guides/transferring-assets#sending-assets",
  "/guides/webhooks",
  "/guides/webhooks#best-practices",
  "/guides/webhooks#creating-a-webhook",
  "/guides/webhooks#on-this-page-title",
  "/guides/webhooks#overview",
  "/iframes/processing-centrapay-transactions",
  "/iframes/processing-centrapay-transactions#compatible-qr-payment-methods",
  "/iframes/processing-centrapay-transactions#how-to-process-a-centrapay-transaction",
  "/iframes/processing-centrapay-transactions#more-detailed-terminal-manuals",
  "/merchants",
  "/profile",
  "/quotas",
  "/settlements",
  "/transacting",
]
`;
