// Vitest Snapshot v1, https://vitest.dev/guide/snapshot.html

exports[`listSiteLinks > should return the set of possible site links 1`] = `
Set {
  "/utils/__tests__/examples/happy/api",
  "/utils/__tests__/examples/happy/api#heading-1",
  "/utils/__tests__/examples/happy/api#heading-2",
  "/utils/__tests__/examples/happy/api#heading-3",
  "/utils/__tests__/examples/happy/api#heading-4",
  "/utils/__tests__/examples/happy/api#heading-5",
  "/utils/__tests__/examples/happy/api#heading-6",
  "/utils/__tests__/examples/happy/api#heading-7",
  "/utils/__tests__/examples/happy/api#included-only-once",
  "/utils/__tests__/examples/happy/api/payments",
  "/utils/__tests__/examples/happy/api/payments#payments-heading",
  "/utils/__tests__/examples/happy/guides",
  "/utils/__tests__/examples/happy/guides#guides-heading",
}
`;
